makieser@g149-lx04:~/z-drive/SysProg/Uebungen/Aufgabe3$ make clean
rm -f stringsort-optimiert stringsort-optimiert.o
makieser@g149-lx04:~/z-drive/SysProg/Uebungen/Aufgabe3$ make stringsort-optimiert
gcc -g -W -Wall -ansi -pedantic    stringsort-optimiert.c   -o stringsort-optimiert
makieser@g149-lx04:~/z-drive/SysProg/Uebungen/Aufgabe3$ ./stringsort-optimiert 200
26 106 178 96 67 178 35 141 86 70 129 113 113 165 25 120 13 184 54 36 131 132 137 167 16 71 112 13 86 50 61 113 108 40 9 175 170 197 116 57 67 45 170 132 163 195 4 176 131 58 12 62 142 101 182 158 125 94 123 11 145 137 76 53 129 38 29 99 35 97 156 54 95 78 138 58 73 142 34 157 0 198 171 94 51 153 5 176 48 80 140 145 17 16 150 146 54 131 46 41 29 154 47 124 33 185 182 58 127 168 167 79 166 139 126 169 92 131 98 92 11 38 189 29 54 140 127 61 71 125 54 52 32 102 176 65 87 110 75 167 78 195 46 196 134 172 166 178 55 64 23 67 54 12 48 60 152 175 121 176 53 176 28 85 30 157 102 117 67 177 36 98 172 35 94 58 159 12 189 15 76 12 34 82 176 82 143 81 9 64 57 62 192 37 99 174 194 1 92 14 
0x1cec360 : 0 1 101 102* 106 108 11* 110 112 113** 116 117 12*** 120 121 123 124 125* 126 127* 129* 13* 131*** 132* 134 137* 138 139 14 140* 141 142* 143 145* 146 15 150 152 153 154 156 157* 158 159 16* 163 165 166* 167** 168 169 17 170* 171 172* 174 175* 176***** 177 178** 182* 184 185 189* 192 194 195* 196 197 198 23 25 26 28 29** 30 32 33 34* 35** 36* 37 38* 4 40 41 45 46* 47 48* 5 50 51 52 53* 54***** 55 57* 58*** 60 61* 62* 64* 65 67*** 70 71* 73 75 76* 78* 79 80 81 82* 85 86* 87 9* 92** 94** 95 96 97 98* 99*
makieser@g149-lx04:~/z-drive/SysProg/Uebungen/Aufgabe3$ valgrind ./stringsort-optimiert 200
==8160== Memcheck, a memory error detector
==8160== Copyright (C) 2002-2011, and GNU GPL'd, by Julian Seward et al.
==8160== Using Valgrind-3.7.0 and LibVEX; rerun with -h for copyright info
==8160== Command: ./stringsort-optimiert 200
==8160== 
133 178 190 166 153 197 123 106 156 171 39 122 123 198 9 74 47 94 97 166 162 71 77 17 175 74 8 118 148 159 42 33 90 184 0 195 181 75 101 89 198 140 164 122 138 125 196 138 19 46 56 133 117 134 150 44 160 111 163 108 22 157 142 112 141 94 108 75 121 9 164 71 102 128 193 192 53 142 130 24 188 187 109 105 73 12 150 185 123 65 93 145 22 187 10 163 33 118 190 106 127 155 178 181 35 171 174 41 65 56 17 53 195 127 159 20 139 61 5 14 126 51 111 148 38 121 63 24 39 54 130 119 161 60 52 148 32 26 189 97 35 7 103 30 86 62 51 177 75 56 143 153 107 54 53 98 128 116 74 119 122 156 38 35 17 91 184 1 69 125 50 104 84 153 87 170 167 138 147 42 146 90 195 6 97 48 104 25 117 130 144 191 86 135 179 103 178 115 104 199 
0x51bb3f0 : 0 1 10 101 102 103* 104** 105 106* 107 108* 109 111* 112 115 116 117* 118* 119* 12 121* 122** 123** 125* 126 127* 128* 130** 133* 134 135 138** 139 14 140 141 142* 143 144 145 146 147 148** 150* 153** 155 156* 157 159* 160 161 162 163* 164* 166* 167 17** 170 171* 174 175 177 178** 179 181* 184* 185 187* 188 189 19 190* 191 192 193 195** 196 197 198* 199 20 22* 24* 25 26 30 32 33* 35** 38* 39* 41 42* 44 46 47 48 5 50 51* 52 53** 54* 56** 6 60 61 62 63 65* 69 7 71* 73 74** 75** 77 8 84 86* 87 89 9* 90* 91 93 94* 97** 98
==8160== 
==8160== HEAP SUMMARY:
==8160==     in use at exit: 0 bytes in 0 blocks
==8160==   total heap usage: 3 allocs, 3 frees, 1,804 bytes allocated
==8160== 
==8160== All heap blocks were freed -- no leaks are possible
==8160== 
==8160== For counts of detected and suppressed errors, rerun with: -v
==8160== ERROR SUMMARY: 0 errors from 0 contexts (suppressed: 4 from 4)
makieser@g149-lx04:~/z-drive/SysProg/Uebungen/Aufgabe3$ valgrind ./stringsort-optimiert 0
==8163== Memcheck, a memory error detector
==8163== Copyright (C) 2002-2011, and GNU GPL'd, by Julian Seward et al.
==8163== Using Valgrind-3.7.0 and LibVEX; rerun with -h for copyright info
==8163== Command: ./stringsort-optimiert 0
==8163== 
Falscher Aufruf. Es darf nur ein Argument uebergeben werden.==8163== 
==8163== HEAP SUMMARY:
==8163==     in use at exit: 0 bytes in 0 blocks
==8163==   total heap usage: 0 allocs, 0 frees, 0 bytes allocated
==8163== 
==8163== All heap blocks were freed -- no leaks are possible
==8163== 
==8163== For counts of detected and suppressed errors, rerun with: -v
==8163== ERROR SUMMARY: 0 errors from 0 contexts (suppressed: 4 from 4)
makieser@g149-lx04:~/z-drive/SysProg/Uebungen/Aufgabe3$ valgrind ./stringsort-optimiert 
==8166== Memcheck, a memory error detector
==8166== Copyright (C) 2002-2011, and GNU GPL'd, by Julian Seward et al.
==8166== Using Valgrind-3.7.0 and LibVEX; rerun with -h for copyright info
==8166== Command: ./stringsort-optimiert
==8166== 
Falscher Aufruf. Es darf nur ein Argument uebergeben werden.==8166== 
==8166== HEAP SUMMARY:
==8166==     in use at exit: 0 bytes in 0 blocks
==8166==   total heap usage: 0 allocs, 0 frees, 0 bytes allocated
==8166== 
==8166== All heap blocks were freed -- no leaks are possible
==8166== 
==8166== For counts of detected and suppressed errors, rerun with: -v
==8166== ERROR SUMMARY: 0 errors from 0 contexts (suppressed: 4 from 4)
makieser@g149-lx04:~/z-drive/SysProg/Uebungen/Aufgabe3$ valgrind ./stringsort-optimiert 200
==8169== Memcheck, a memory error detector
==8169== Copyright (C) 2002-2011, and GNU GPL'd, by Julian Seward et al.
==8169== Using Valgrind-3.7.0 and LibVEX; rerun with -h for copyright info
==8169== Command: ./stringsort-optimiert 200
==8169== 
180 131 103 24 88 159 152 82 103 149 144 124 138 166 9 33 78 43 70 14 127 86 33 37 165 97 116 7 193 24 89 173 108 145 198 196 104 102 78 159 51 22 36 142 189 45 175 19 41 45 34 120 131 67 109 48 116 25 8 109 2 49 83 110 194 33 106 51 135 137 10 139 159 46 33 100 44 8 72 37 6 106 109 89 125 170 90 193 148 98 102 150 147 137 60 94 122 118 145 10 55 155 149 167 154 182 19 150 142 91 139 100 197 48 190 74 18 32 67 118 130 122 68 29 59 128 123 134 199 20 144 54 128 45 21 34 27 41 184 121 84 123 22 82 123 164 108 93 196 176 12 78 98 80 59 109 161 135 195 160 155 139 166 83 184 188 117 163 181 53 37 65 128 11 99 51 175 160 97 123 136 61 153 186 93 12 47 6 147 43 118 55 134 85 138 71 25 8 186 6 
0x51bb3f0 : 10* 100* 102* 103* 104 106* 108* 109*** 11 110 116* 117 118** 12* 120 121 122* 123*** 124 125 127 128** 130 131* 134* 135* 136 137* 138* 139** 14 142* 144* 145* 147* 148 149* 150* 152 153 154 155* 159** 160* 161 163 164 165 166* 167 170 173 175* 176 18 180 181 182 184* 186* 188 189 19* 190 193* 194 195 196* 197 198 199 2 20 21 22* 24* 25* 27 29 32 33*** 34* 36 37** 41* 43* 44 45** 46 47 48* 49 51** 53 54 55* 59* 6** 60 61 65 67* 68 7 70 71 72 74 78** 8** 80 82* 83* 84 85 86 88 89* 9 90 91 93* 94 97* 98* 99
==8169== 
==8169== HEAP SUMMARY:
==8169==     in use at exit: 0 bytes in 0 blocks
==8169==   total heap usage: 3 allocs, 3 frees, 1,804 bytes allocated
==8169== 
==8169== All heap blocks were freed -- no leaks are possible
==8169== 
==8169== For counts of detected and suppressed errors, rerun with: -v
==8169== ERROR SUMMARY: 0 errors from 0 contexts (suppressed: 4 from 4)
makieser@g149-lx04:~/z-drive/SysProg/Uebungen/Aufgabe3$ 
